// Jest Snapshot v1, https://goo.gl/fbAQLP

exports[`RecipeCard component renders as expected 1`] = `
<TouchableOpacity
  activeOpacity={0.2}
  onPress={[Function]}
  testID="recipeCard_0"
>
  <Card
    image={
      Object {
        "uri": "https://nutrition-assets.freeletics.com/recipes/large/mustard_deviled_eggs.jpg",
      }
    }
  >
    <SubTitleText>
      Mustard Deviled Eggs
    </SubTitleText>
  </Card>
</TouchableOpacity>
`;
