// Jest Snapshot v1, https://goo.gl/fbAQLP

exports[`App should start single screen app as expected 1`] = `
Array [
  Array [
    Object {
      "appStyle": Object {
        "keepStyleAcrossPush": false,
      },
      "screen": Object {
        "navBarBackgroundColor": "#81b640",
        "navBarTextColor": "#ffff",
        "navBarTextFontFamily": "Avenir",
        "screen": "recipeBrowser.RecipesList",
        "statusBarColor": "#508607",
        "statusBarTextColorScheme": "light",
      },
    },
  ],
]
`;
