// Jest Snapshot v1, https://goo.gl/fbAQLP

exports[`RecipeDetail component renders as expected 1`] = `
<glamorous.View
  flex={1}
  testID="recipeDetailScreen"
>
  <ScrollViewMock>
    <Image
      resizeMode="cover"
      source={
        Object {
          "uri": "https://nutrition-assets.freeletics.com/recipes/large/mustard_deviled_eggs.jpg",
        }
      }
      style={
        Object {
          "height": 220,
          "width": "100%",
        }
      }
    />
    <DescriptionContainer>
      <TitleText>
        Mustard Deviled Eggs
      </TitleText>
      <Text>
        This buffet classic can also be healthy! Mayonnaise is replaced by cottage cheese. You can blend the filling for more creaminess.
      </Text>
    </DescriptionContainer>
    <IngredientsContainer>
      <IngredientsList
        ingredients={
          Array [
            Object {
              "amount": 4,
              "name": "hard-boiled eggs",
              "unit": "",
            },
            Object {
              "amount": 2,
              "name": "Dijon mustard",
              "unit": "tsp",
            },
            Object {
              "amount": 100,
              "name": "cottage cheese",
              "unit": "g",
            },
            Object {
              "amount": 2,
              "name": "chopped dill",
              "unit": "tbsp",
            },
          ]
        }
        seasonings={
          Array [
            "Paprika powder",
          ]
        }
      />
    </IngredientsContainer>
    <StepsContainer>
      <StepsList
        steps={
          Array [
            "Halve eggs and remove yolk.",
            "Mix yolks with mustard, cottage cheese and half of dill.",
            "Fill egg halves with yolk mixture and garnish with remaining dill.",
          ]
        }
      />
    </StepsContainer>
  </ScrollViewMock>
</glamorous.View>
`;
