// Jest Snapshot v1, https://goo.gl/fbAQLP

exports[`FormIngredientCell component call onChange as expected 1`] = `
Array [
  Array [
    Object {
      "amount": "0",
      "id": 1,
      "name": "a",
      "unit": "kg",
    },
  ],
  Array [
    Object {
      "amount": "a",
      "id": 1,
      "name": "test",
      "unit": "kg",
    },
  ],
  Array [
    Object {
      "amount": "0",
      "id": 1,
      "name": "test",
      "unit": "a",
    },
  ],
]
`;

exports[`FormIngredientCell component renders as expected 1`] = `
<Cell
  accessory={false}
  accessoryColor="#007AFF"
  allowFontScaling={true}
  backgroundColor="#FFF"
  cellAccessoryView={null}
  cellContentView={
    <View
      style={
        Object {
          "flexDirection": "row",
          "paddingVertical": 10,
          "width": "100%",
        }
      }
    >
      <Input
        onChangeText={[Function]}
        placeholder="Name"
        style={
          Object {
            "width": "60%",
          }
        }
        value="test"
      />
      <Input
        onChangeText={[Function]}
        placeholder="Amount"
        style={
          Object {
            "textAlign": "center",
            "width": "20%",
          }
        }
        value="0"
      />
      <Input
        onChangeText={[Function]}
        placeholder="Unit"
        style={
          Object {
            "textAlign": "right",
            "width": "20%",
          }
        }
        value="kg"
      />
    </View>
  }
  cellImageView={null}
  cellStyle="Basic"
  contentContainerStyle={Object {}}
  detail=""
  detailTextStyle={Object {}}
  disableImageResize={false}
  highlightActiveOpacity={0.8}
  highlightUnderlayColor="black"
  image={null}
  isDisabled={false}
  leftDetailColor="#007AFF"
  onHighlightRow={null}
  onPress={false}
  onUnHighlightRow={null}
  rightDetailColor="#8E8E93"
  subtitleColor="#000"
  subtitleTextStyle={Object {}}
  title=""
  titleTextColor="#000"
  titleTextStyle={Object {}}
  titleTextStyleDisabled={Object {}}
/>
`;
